#-----------------------------------------------------------
# Vivado v2020.2 (64-bit)
# SW Build 3064766 on Wed Nov 18 09:12:45 MST 2020
# IP Build 3064653 on Wed Nov 18 14:17:31 MST 2020
# Start of session at: Fri May  3 14:17:46 2024
# Process ID: 21880
# Current directory: C:/Users/cocrowl/Desktop/DLD_FinalProject/Vivado/Project
# Command line: vivado.exe -gui_launcher_event rodinguilauncherevent38520 C:\Users\cocrowl\Desktop\DLD_FinalProject\Vivado\Project\Project.xpr
# Log file: C:/Users/cocrowl/Desktop/DLD_FinalProject/Vivado/Project/vivado.log
# Journal file: C:/Users/cocrowl/Desktop/DLD_FinalProject/Vivado/Project\vivado.jou
#-----------------------------------------------------------
start_gui
open_project C:/Users/cocrowl/Desktop/DLD_FinalProject/Vivado/Project/Project.xpr
update_compile_order -fileset sources_1
save_project_as project_1 C:/Users/cocrowl/Desktop/DLD_FinalProject/Vivado/project_1 -force
add_files -norecurse {C:/Users/cocrowl/Desktop/DLD_FinalProject/SV/Game.sv C:/Users/cocrowl/Desktop/DLD_FinalProject/SV/clk_div.sv C:/Users/cocrowl/Desktop/DLD_FinalProject/SV/GoGoGadget.sv C:/Users/cocrowl/Desktop/DLD_FinalProject/SV/MainMux.sv C:/Users/cocrowl/Desktop/DLD_FinalProject/SV/MainFlop.sv C:/Users/cocrowl/Desktop/DLD_FinalProject/SV/datapath.sv C:/Users/cocrowl/Desktop/DLD_FinalProject/SV/fsm.sv C:/Users/cocrowl/Desktop/DLD_FinalProject/SV/lfsr.sv}
open_hw_manager
connect_hw_server -allow_non_jtag
open_hw_target
set_property PROGRAM.FILE {C:/Users/cocrowl/Desktop/DLD_FinalProject/Vivado/project_1/project_1.runs/impl_1/top_demo.bit} [get_hw_devices xc7z020_1]
current_hw_device [get_hw_devices xc7z020_1]
refresh_hw_device -update_hw_probes false [lindex [get_hw_devices xc7z020_1] 0]
reset_run synth_1
launch_runs impl_1 -to_step write_bitstream -jobs 8
wait_on_run impl_1
open_run impl_1
set_property PROBES.FILE {} [get_hw_devices xc7z020_1]
set_property FULL_PROBES.FILE {} [get_hw_devices xc7z020_1]
set_property PROGRAM.FILE {C:/Users/cocrowl/Desktop/DLD_FinalProject/Vivado/project_1/project_1.runs/impl_1/top_demo.bit} [get_hw_devices xc7z020_1]
program_hw_devices [get_hw_devices xc7z020_1]
refresh_hw_device [lindex [get_hw_devices xc7z020_1] 0]
synth_design -rtl -rtl_skip_mlo -name rtl_1
refresh_design
reset_run synth_1
launch_runs impl_1 -to_step write_bitstream -jobs 8
wait_on_run impl_1
refresh_design
refresh_design
refresh_design
refresh_design
reset_run synth_1
launch_runs impl_1 -to_step write_bitstream -jobs 8
wait_on_run impl_1
set_property PROBES.FILE {} [get_hw_devices xc7z020_1]
set_property FULL_PROBES.FILE {} [get_hw_devices xc7z020_1]
set_property PROGRAM.FILE {C:/Users/cocrowl/Desktop/DLD_FinalProject/Vivado/project_1/project_1.runs/impl_1/top_demo.bit} [get_hw_devices xc7z020_1]
program_hw_devices [get_hw_devices xc7z020_1]
refresh_hw_device [lindex [get_hw_devices xc7z020_1] 0]
add_files -norecurse C:/Users/cocrowl/Desktop/DLD_FinalProject/Vivado/project_1/project_1.srcs/sources_1/imports/dldfall22proj/ProjectHDMI/hdmi_working/hdmi_top.sv
reset_run synth_1
launch_runs impl_1 -to_step write_bitstream -jobs 8
wait_on_run impl_1
set_property PROBES.FILE {} [get_hw_devices xc7z020_1]
set_property FULL_PROBES.FILE {} [get_hw_devices xc7z020_1]
set_property PROGRAM.FILE {C:/Users/cocrowl/Desktop/DLD_FinalProject/Vivado/project_1/project_1.runs/impl_1/top_demo.bit} [get_hw_devices xc7z020_1]
program_hw_devices [get_hw_devices xc7z020_1]
refresh_hw_device [lindex [get_hw_devices xc7z020_1] 0]
refresh_design
startgroup
create_report_config -report_name impl_1_route_report_timing_0 -step route_design -report_type report_timing -run impl_1
set_property DISPLAY_NAME {Timing - Route Design} [get_report_configs -of_objects [get_runs impl_1] impl_1_route_report_timing_0] 
startgroup
create_report_config -report_name impl_1_route_report_utilization_0 -step route_design -report_type report_utilization -run impl_1
set_property DISPLAY_NAME {Utilization - Route Design} [get_report_configs -of_objects [get_runs impl_1] impl_1_route_report_utilization_0] 
startgroup
create_report_config -report_name impl_1_route_report_power_1 -step route_design -report_type report_power -run impl_1
set_property DISPLAY_NAME {Power 1 - Route Design} [get_report_configs -of_objects [get_runs impl_1] impl_1_route_report_power_1] 
reset_run synth_1
launch_runs synth_1 -jobs 8
wait_on_run synth_1
startgroup
create_report_config -report_name impl_1_route_report_power_2 -step route_design -report_type report_power -run impl_1
set_property DISPLAY_NAME {Power 2 - Route Design} [get_report_configs -of_objects [get_runs impl_1] impl_1_route_report_power_2] 
startgroup
create_report_config -report_name impl_1_route_report_timing_summary_1 -step route_design -report_type report_timing_summary -run impl_1
set_property DISPLAY_NAME {Timing Summary 1 - Route Design} [get_report_configs -of_objects [get_runs impl_1] impl_1_route_report_timing_summary_1] 
startgroup
create_report_config -report_name impl_1_route_report_utilization_1 -step route_design -report_type report_utilization -run impl_1
set_property DISPLAY_NAME {Utilization 1 - Route Design} [get_report_configs -of_objects [get_runs impl_1] impl_1_route_report_utilization_1] 
current_design impl_1
report_utilization -name utilization_1
launch_runs impl_1 -jobs 8
wait_on_run impl_1
